###############################################################################
#
# IAR ELF Linker V7.30.3.8024/W32 for ARM                 23/Feb/2016  14:58:04
# Copyright 2007-2014 IAR Systems AB.
#
#    Output file  =  
#        C:\Users\acer\Desktop\STM32Cube_FW_F4_V1.6.0\Projects\STM32F411RE-Nucleo\Examples\TIM\TIM_PWMInput\EWARM\STM32F4xx-Nucleo\Exe\Project.out
#    Map file     =  
#        C:\Users\acer\Desktop\STM32Cube_FW_F4_V1.6.0\Projects\STM32F411RE-Nucleo\Examples\TIM\TIM_PWMInput\EWARM\STM32F4xx-Nucleo\List\Project.map
#    Command line =  
#        C:\Users\acer\Desktop\STM32Cube_FW_F4_V1.6.0\Projects\STM32F411RE-Nucleo\Examples\TIM\TIM_PWMInput\EWARM\STM32F4xx-Nucleo\Obj\bluenrg_gap_aci.o
#        C:\Users\acer\Desktop\STM32Cube_FW_F4_V1.6.0\Projects\STM32F411RE-Nucleo\Examples\TIM\TIM_PWMInput\EWARM\STM32F4xx-Nucleo\Obj\bluenrg_gatt_aci.o
#        C:\Users\acer\Desktop\STM32Cube_FW_F4_V1.6.0\Projects\STM32F411RE-Nucleo\Examples\TIM\TIM_PWMInput\EWARM\STM32F4xx-Nucleo\Obj\bluenrg_hal_aci.o
#        C:\Users\acer\Desktop\STM32Cube_FW_F4_V1.6.0\Projects\STM32F411RE-Nucleo\Examples\TIM\TIM_PWMInput\EWARM\STM32F4xx-Nucleo\Obj\bluenrg_interface.o
#        C:\Users\acer\Desktop\STM32Cube_FW_F4_V1.6.0\Projects\STM32F411RE-Nucleo\Examples\TIM\TIM_PWMInput\EWARM\STM32F4xx-Nucleo\Obj\bluenrg_itf_template.o
#        C:\Users\acer\Desktop\STM32Cube_FW_F4_V1.6.0\Projects\STM32F411RE-Nucleo\Examples\TIM\TIM_PWMInput\EWARM\STM32F4xx-Nucleo\Obj\bluenrg_l2cap_aci.o
#        C:\Users\acer\Desktop\STM32Cube_FW_F4_V1.6.0\Projects\STM32F411RE-Nucleo\Examples\TIM\TIM_PWMInput\EWARM\STM32F4xx-Nucleo\Obj\clock.o
#        C:\Users\acer\Desktop\STM32Cube_FW_F4_V1.6.0\Projects\STM32F411RE-Nucleo\Examples\TIM\TIM_PWMInput\EWARM\STM32F4xx-Nucleo\Obj\com.o
#        C:\Users\acer\Desktop\STM32Cube_FW_F4_V1.6.0\Projects\STM32F411RE-Nucleo\Examples\TIM\TIM_PWMInput\EWARM\STM32F4xx-Nucleo\Obj\control.o
#        C:\Users\acer\Desktop\STM32Cube_FW_F4_V1.6.0\Projects\STM32F411RE-Nucleo\Examples\TIM\TIM_PWMInput\EWARM\STM32F4xx-Nucleo\Obj\gp_timer.o
#        C:\Users\acer\Desktop\STM32Cube_FW_F4_V1.6.0\Projects\STM32F411RE-Nucleo\Examples\TIM\TIM_PWMInput\EWARM\STM32F4xx-Nucleo\Obj\hci.o
#        C:\Users\acer\Desktop\STM32Cube_FW_F4_V1.6.0\Projects\STM32F411RE-Nucleo\Examples\TIM\TIM_PWMInput\EWARM\STM32F4xx-Nucleo\Obj\hts221.o
#        C:\Users\acer\Desktop\STM32Cube_FW_F4_V1.6.0\Projects\STM32F411RE-Nucleo\Examples\TIM\TIM_PWMInput\EWARM\STM32F4xx-Nucleo\Obj\iNEMO_AHRS.o
#        C:\Users\acer\Desktop\STM32Cube_FW_F4_V1.6.0\Projects\STM32F411RE-Nucleo\Examples\TIM\TIM_PWMInput\EWARM\STM32F4xx-Nucleo\Obj\iNEMO_AHRS_MemMan_1.o
#        C:\Users\acer\Desktop\STM32Cube_FW_F4_V1.6.0\Projects\STM32F411RE-Nucleo\Examples\TIM\TIM_PWMInput\EWARM\STM32F4xx-Nucleo\Obj\iNEMO_EKF.o
#        C:\Users\acer\Desktop\STM32Cube_FW_F4_V1.6.0\Projects\STM32F411RE-Nucleo\Examples\TIM\TIM_PWMInput\EWARM\STM32F4xx-Nucleo\Obj\iNEMO_math.o
#        C:\Users\acer\Desktop\STM32Cube_FW_F4_V1.6.0\Projects\STM32F411RE-Nucleo\Examples\TIM\TIM_PWMInput\EWARM\STM32F4xx-Nucleo\Obj\lis3mdl.o
#        C:\Users\acer\Desktop\STM32Cube_FW_F4_V1.6.0\Projects\STM32F411RE-Nucleo\Examples\TIM\TIM_PWMInput\EWARM\STM32F4xx-Nucleo\Obj\list.o
#        C:\Users\acer\Desktop\STM32Cube_FW_F4_V1.6.0\Projects\STM32F411RE-Nucleo\Examples\TIM\TIM_PWMInput\EWARM\STM32F4xx-Nucleo\Obj\lps25h.o
#        C:\Users\acer\Desktop\STM32Cube_FW_F4_V1.6.0\Projects\STM32F411RE-Nucleo\Examples\TIM\TIM_PWMInput\EWARM\STM32F4xx-Nucleo\Obj\lps25hb.o
#        C:\Users\acer\Desktop\STM32Cube_FW_F4_V1.6.0\Projects\STM32F411RE-Nucleo\Examples\TIM\TIM_PWMInput\EWARM\STM32F4xx-Nucleo\Obj\lsm6ds0.o
#        C:\Users\acer\Desktop\STM32Cube_FW_F4_V1.6.0\Projects\STM32F411RE-Nucleo\Examples\TIM\TIM_PWMInput\EWARM\STM32F4xx-Nucleo\Obj\lsm6ds3.o
#        C:\Users\acer\Desktop\STM32Cube_FW_F4_V1.6.0\Projects\STM32F411RE-Nucleo\Examples\TIM\TIM_PWMInput\EWARM\STM32F4xx-Nucleo\Obj\LSM9DS0_AHRS.o
#        C:\Users\acer\Desktop\STM32Cube_FW_F4_V1.6.0\Projects\STM32F411RE-Nucleo\Examples\TIM\TIM_PWMInput\EWARM\STM32F4xx-Nucleo\Obj\main.o
#        C:\Users\acer\Desktop\STM32Cube_FW_F4_V1.6.0\Projects\STM32F411RE-Nucleo\Examples\TIM\TIM_PWMInput\EWARM\STM32F4xx-Nucleo\Obj\NRF24L0.o
#        C:\Users\acer\Desktop\STM32Cube_FW_F4_V1.6.0\Projects\STM32F411RE-Nucleo\Examples\TIM\TIM_PWMInput\EWARM\STM32F4xx-Nucleo\Obj\osal.o
#        C:\Users\acer\Desktop\STM32Cube_FW_F4_V1.6.0\Projects\STM32F411RE-Nucleo\Examples\TIM\TIM_PWMInput\EWARM\STM32F4xx-Nucleo\Obj\outputdata.o
#        C:\Users\acer\Desktop\STM32Cube_FW_F4_V1.6.0\Projects\STM32F411RE-Nucleo\Examples\TIM\TIM_PWMInput\EWARM\STM32F4xx-Nucleo\Obj\ov7725.o
#        C:\Users\acer\Desktop\STM32Cube_FW_F4_V1.6.0\Projects\STM32F411RE-Nucleo\Examples\TIM\TIM_PWMInput\EWARM\STM32F4xx-Nucleo\Obj\sample_service.o
#        C:\Users\acer\Desktop\STM32Cube_FW_F4_V1.6.0\Projects\STM32F411RE-Nucleo\Examples\TIM\TIM_PWMInput\EWARM\STM32F4xx-Nucleo\Obj\sccb.o
#        C:\Users\acer\Desktop\STM32Cube_FW_F4_V1.6.0\Projects\STM32F411RE-Nucleo\Examples\TIM\TIM_PWMInput\EWARM\STM32F4xx-Nucleo\Obj\serial_protocol.o
#        C:\Users\acer\Desktop\STM32Cube_FW_F4_V1.6.0\Projects\STM32F411RE-Nucleo\Examples\TIM\TIM_PWMInput\EWARM\STM32F4xx-Nucleo\Obj\startup_stm32f411xe.o
#        C:\Users\acer\Desktop\STM32Cube_FW_F4_V1.6.0\Projects\STM32F411RE-Nucleo\Examples\TIM\TIM_PWMInput\EWARM\STM32F4xx-Nucleo\Obj\stm32_bluenrg_ble.o
#        C:\Users\acer\Desktop\STM32Cube_FW_F4_V1.6.0\Projects\STM32F411RE-Nucleo\Examples\TIM\TIM_PWMInput\EWARM\STM32F4xx-Nucleo\Obj\stm32f4xx_hal.o
#        C:\Users\acer\Desktop\STM32Cube_FW_F4_V1.6.0\Projects\STM32F411RE-Nucleo\Examples\TIM\TIM_PWMInput\EWARM\STM32F4xx-Nucleo\Obj\stm32f4xx_hal_adc.o
#        C:\Users\acer\Desktop\STM32Cube_FW_F4_V1.6.0\Projects\STM32F411RE-Nucleo\Examples\TIM\TIM_PWMInput\EWARM\STM32F4xx-Nucleo\Obj\stm32f4xx_hal_adc_ex.o
#        C:\Users\acer\Desktop\STM32Cube_FW_F4_V1.6.0\Projects\STM32F411RE-Nucleo\Examples\TIM\TIM_PWMInput\EWARM\STM32F4xx-Nucleo\Obj\stm32f4xx_hal_cortex.o
#        C:\Users\acer\Desktop\STM32Cube_FW_F4_V1.6.0\Projects\STM32F411RE-Nucleo\Examples\TIM\TIM_PWMInput\EWARM\STM32F4xx-Nucleo\Obj\stm32f4xx_hal_dma.o
#        C:\Users\acer\Desktop\STM32Cube_FW_F4_V1.6.0\Projects\STM32F411RE-Nucleo\Examples\TIM\TIM_PWMInput\EWARM\STM32F4xx-Nucleo\Obj\stm32f4xx_hal_dma_ex.o
#        C:\Users\acer\Desktop\STM32Cube_FW_F4_V1.6.0\Projects\STM32F411RE-Nucleo\Examples\TIM\TIM_PWMInput\EWARM\STM32F4xx-Nucleo\Obj\stm32f4xx_hal_flash.o
#        C:\Users\acer\Desktop\STM32Cube_FW_F4_V1.6.0\Projects\STM32F411RE-Nucleo\Examples\TIM\TIM_PWMInput\EWARM\STM32F4xx-Nucleo\Obj\stm32f4xx_hal_flash_ex.o
#        C:\Users\acer\Desktop\STM32Cube_FW_F4_V1.6.0\Projects\STM32F411RE-Nucleo\Examples\TIM\TIM_PWMInput\EWARM\STM32F4xx-Nucleo\Obj\stm32f4xx_hal_gpio.o
#        C:\Users\acer\Desktop\STM32Cube_FW_F4_V1.6.0\Projects\STM32F411RE-Nucleo\Examples\TIM\TIM_PWMInput\EWARM\STM32F4xx-Nucleo\Obj\stm32f4xx_hal_i2c.o
#        C:\Users\acer\Desktop\STM32Cube_FW_F4_V1.6.0\Projects\STM32F411RE-Nucleo\Examples\TIM\TIM_PWMInput\EWARM\STM32F4xx-Nucleo\Obj\stm32f4xx_hal_i2c_ex.o
#        C:\Users\acer\Desktop\STM32Cube_FW_F4_V1.6.0\Projects\STM32F411RE-Nucleo\Examples\TIM\TIM_PWMInput\EWARM\STM32F4xx-Nucleo\Obj\stm32f4xx_hal_msp.o
#        C:\Users\acer\Desktop\STM32Cube_FW_F4_V1.6.0\Projects\STM32F411RE-Nucleo\Examples\TIM\TIM_PWMInput\EWARM\STM32F4xx-Nucleo\Obj\stm32f4xx_hal_rcc.o
#        C:\Users\acer\Desktop\STM32Cube_FW_F4_V1.6.0\Projects\STM32F411RE-Nucleo\Examples\TIM\TIM_PWMInput\EWARM\STM32F4xx-Nucleo\Obj\stm32f4xx_hal_rcc_ex.o
#        C:\Users\acer\Desktop\STM32Cube_FW_F4_V1.6.0\Projects\STM32F411RE-Nucleo\Examples\TIM\TIM_PWMInput\EWARM\STM32F4xx-Nucleo\Obj\stm32f4xx_hal_spi.o
#        C:\Users\acer\Desktop\STM32Cube_FW_F4_V1.6.0\Projects\STM32F411RE-Nucleo\Examples\TIM\TIM_PWMInput\EWARM\STM32F4xx-Nucleo\Obj\stm32f4xx_hal_tim.o
#        C:\Users\acer\Desktop\STM32Cube_FW_F4_V1.6.0\Projects\STM32F411RE-Nucleo\Examples\TIM\TIM_PWMInput\EWARM\STM32F4xx-Nucleo\Obj\stm32f4xx_hal_tim_ex.o
#        C:\Users\acer\Desktop\STM32Cube_FW_F4_V1.6.0\Projects\STM32F411RE-Nucleo\Examples\TIM\TIM_PWMInput\EWARM\STM32F4xx-Nucleo\Obj\stm32f4xx_hal_uart.o
#        C:\Users\acer\Desktop\STM32Cube_FW_F4_V1.6.0\Projects\STM32F411RE-Nucleo\Examples\TIM\TIM_PWMInput\EWARM\STM32F4xx-Nucleo\Obj\stm32f4xx_it.o
#        C:\Users\acer\Desktop\STM32Cube_FW_F4_V1.6.0\Projects\STM32F411RE-Nucleo\Examples\TIM\TIM_PWMInput\EWARM\STM32F4xx-Nucleo\Obj\stm32f4xx_nucleo.o
#        C:\Users\acer\Desktop\STM32Cube_FW_F4_V1.6.0\Projects\STM32F411RE-Nucleo\Examples\TIM\TIM_PWMInput\EWARM\STM32F4xx-Nucleo\Obj\system_stm32f4xx.o
#        C:\Users\acer\Desktop\STM32Cube_FW_F4_V1.6.0\Projects\STM32F411RE-Nucleo\Examples\TIM\TIM_PWMInput\EWARM\STM32F4xx-Nucleo\Obj\x_nucleo_iks01a1.o
#        C:\Users\acer\Desktop\STM32Cube_FW_F4_V1.6.0\Projects\STM32F411RE-Nucleo\Examples\TIM\TIM_PWMInput\EWARM\STM32F4xx-Nucleo\Obj\x_nucleo_iks01a1_hum_temp.o
#        C:\Users\acer\Desktop\STM32Cube_FW_F4_V1.6.0\Projects\STM32F411RE-Nucleo\Examples\TIM\TIM_PWMInput\EWARM\STM32F4xx-Nucleo\Obj\x_nucleo_iks01a1_imu_6axes.o
#        C:\Users\acer\Desktop\STM32Cube_FW_F4_V1.6.0\Projects\STM32F411RE-Nucleo\Examples\TIM\TIM_PWMInput\EWARM\STM32F4xx-Nucleo\Obj\x_nucleo_iks01a1_magneto.o
#        C:\Users\acer\Desktop\STM32Cube_FW_F4_V1.6.0\Projects\STM32F411RE-Nucleo\Examples\TIM\TIM_PWMInput\EWARM\STM32F4xx-Nucleo\Obj\x_nucleo_iks01a1_pressure.o
#        --redirect _Printf=_PrintfSmall --redirect _Scanf=_ScanfSmall -o
#        C:\Users\acer\Desktop\STM32Cube_FW_F4_V1.6.0\Projects\STM32F411RE-Nucleo\Examples\TIM\TIM_PWMInput\EWARM\STM32F4xx-Nucleo\Exe\Project.out
#        --map
#        C:\Users\acer\Desktop\STM32Cube_FW_F4_V1.6.0\Projects\STM32F411RE-Nucleo\Examples\TIM\TIM_PWMInput\EWARM\STM32F4xx-Nucleo\List\Project.map
#        --config
#        C:\Users\acer\Desktop\STM32Cube_FW_F4_V1.6.0\Projects\STM32F411RE-Nucleo\Examples\TIM\TIM_PWMInput\EWARM\stm32f411xe_flash.icf
#        --semihosting --entry __iar_program_start --vfe
#
###############################################################################

*******************************************************************************
*** RUNTIME MODEL ATTRIBUTES
***

CppFlavor       = *
__Heap_Handler  = DLMalloc
__SystemLibrary = DLib


*******************************************************************************
*** PLACEMENT SUMMARY
***

"A1":  place at 0x08000000 { ro section .intvec };
"P1":  place in [from 0x08000000 to 0x0807ffff] { ro };
"P2":  place in [from 0x20000000 to 0x2001ffff] { rw, block CSTACK, block HEAP };

  Section             Kind        Address    Size  Object
  -------             ----        -------    ----  ------
"A1":                                       0x198
  .intvec             ro code  0x08000000   0x198  startup_stm32f411xe.o [1]
                             - 0x08000198   0x198

"P1":                                      0x81ef
  .text               ro code  0x08000198  0x1a2c  main.o [1]
  .text               ro code  0x08001bc4   0x2ac  sample_service.o [1]
  .text               ro code  0x08001e70   0x354  hci.o [1]
  .text               ro code  0x080021c4   0x364  stm32_bluenrg_ble.o [1]
  .text               ro code  0x08002528    0x20  osal.o [1]
  .text               ro code  0x08002548    0xc0  bluenrg_hal_aci.o [1]
  .text               ro code  0x08002608   0x180  bluenrg_gatt_aci.o [1]
  .text               ro code  0x08002788   0x274  bluenrg_gap_aci.o [1]
  .text               ro code  0x080029fc    0x30  I32ToDbl.o [4]
  .text               ro code  0x08002a2c   0x246  DblDiv.o [4]
  .text               ro code  0x08002c72    0x22  zero_init3.o [5]
  .text               ro code  0x08002c94    0xe8  DblAdd.o [4]
  .text               ro code  0x08002d7c    0x90  DblToFlt.o [4]
  .text               ro code  0x08002e0c    0x4e  FltToDbl.o [4]
  .text               ro code  0x08002e5c   0x3b4  stm32f4xx_hal_uart.o [1]
  .text               ro code  0x08003210   0x264  control.o [1]
  .text               ro code  0x08003474   0x310  stm32f4xx_hal_adc.o [1]
  .text               ro code  0x08003784   0x1a2  DblMul.o [4]
  .text               ro code  0x08003928    0x58  DblToI32.o [4]
  .text               ro code  0x08003980   0x1d0  stm32f4xx_hal_gpio.o [1]
  .text               ro code  0x08003b50   0x668  stm32f4xx_hal_tim.o [1]
  .text               ro code  0x080041b8   0x124  x_nucleo_iks01a1_imu_6axes.o [1]
  .text               ro code  0x080042dc    0x7c  x_nucleo_iks01a1_magneto.o [1]
  .text               ro code  0x08004358   0x310  LSM9DS0_AHRS.o [1]
  .text               ro code  0x08004668    0xe4  stm32f4xx_hal_cortex.o [1]
  .text               ro code  0x0800474c    0x88  stm32f4xx_hal.o [1]
  .text               ro code  0x080047d4   0x508  stm32f4xx_hal_rcc.o [1]
  .text               ro code  0x08004cdc    0x8c  stm32f4xx_nucleo.o [1]
  .text               ro code  0x08004d68    0x80  x_nucleo_iks01a1_hum_temp.o [1]
  .text               ro code  0x08004de8    0xe4  x_nucleo_iks01a1_pressure.o [1]
  .text               ro code  0x08004ecc   0x122  com.o [1]
  .text               ro code  0x08004ff0   0x180  DblSub.o [4]
  .text               ro code  0x08005170     0x8  clock.o [1]
  .text               ro code  0x08005178    0x76  ABImemcpy_unaligned.o [5]
  .text               ro code  0x080051ee    0x5a  list.o [1]
  .text               ro code  0x08005248    0x28  gp_timer.o [1]
  .text               ro code  0x08005270   0x3cc  stm32f4xx_hal_spi.o [1]
  .text               ro code  0x0800563c    0x66  ABImemset.o [5]
  .text               ro code  0x080056a4    0xfe  stm32f4xx_hal_dma.o [1]
  .text               ro code  0x080057a2     0x4  bluenrg_interface.o [1]
  .text               ro code  0x080057a8    0xfc  stm32f4xx_hal_msp.o [1]
  .text               ro code  0x080058a4     0x4  stm32f4xx_hal_tim_ex.o [1]
  .text               ro code  0x080058a8   0x134  asin.o [4]
  .text               ro code  0x080059dc    0xf4  atan2.o [4]
  .text               ro code  0x08005ad0    0x2e  DblCmpLe.o [4]
  .text               ro code  0x08005b00    0xf0  sqrt.o [4]
  .text               ro code  0x08005bf0   0x1f0  xatan.o [4]
  .text               ro code  0x08005de0     0xc  errno.o [3]
  .text               ro code  0x08005dec    0x40  xdtest.o [4]
  .text               ro code  0x08005e2c     0xc  iarEdom.o [5]
  .text               ro code  0x08005e38    0x2e  DblCmpGe.o [4]
  .text               ro code  0x08005e66     0x2  xtls.o [3]
  .text               ro code  0x08005e68   0x878  lsm6ds3.o [1]
  .text               ro code  0x080066e0   0x218  x_nucleo_iks01a1.o [1]
  .text               ro code  0x080068f8   0x628  stm32f4xx_hal_i2c.o [1]
  .text               ro code  0x08006f20   0x5fe  lsm6ds0.o [1]
  .text               ro code  0x08007520   0x3d8  hts221.o [1]
  .text               ro code  0x080078f8   0x1f0  lps25h.o [1]
  .text               ro code  0x08007ae8   0x1f0  lps25hb.o [1]
  .text               ro code  0x08007cd8   0x1c2  lis3mdl.o [1]
  .text               ro code  0x08007e9a    0xd2  packbits_init.o [5]
  .text               ro code  0x08007f6c     0x6  abort.o [3]
  .text               ro code  0x08007f74    0x14  exit.o [6]
  .text               ro code  0x08007f88    0x50  system_stm32f4xx.o [1]
  .text               ro code  0x08007fd8    0x2e  stm32f4xx_it.o [1]
  .text               ro code  0x08008008    0x28  data_init.o [5]
  .text               ro code  0x08008030    0x22  fpinit_M.o [4]
  .iar.init_table     const    0x08008054    0x2c  - Linker created -
  .text               ro code  0x08008080    0x1a  cmain.o [5]
  .text               ro code  0x0800809a     0x4  low_level_init.o [3]
  .text               ro code  0x0800809e     0x4  exit.o [3]
  .text               ro code  0x080080a4     0xa  cexit.o [5]
  .text               ro code  0x080080b0    0x10  startup_stm32f411xe.o [1]
  .text               ro code  0x080080c0     0xc  cstartup_M.o [5]
  .rodata             const    0x080080cc     0x4  clock.o [1]
  .text               ro code  0x080080d0     0x4  startup_stm32f411xe.o [1]
  .text               ro code  0x080080d4     0x4  startup_stm32f411xe.o [1]
  .text               ro code  0x080080d8     0x4  startup_stm32f411xe.o [1]
  .text               ro code  0x080080dc     0x4  startup_stm32f411xe.o [1]
  .text               ro code  0x080080e0     0x4  startup_stm32f411xe.o [1]
  .text               ro code  0x080080e4     0x4  startup_stm32f411xe.o [1]
  .text               ro code  0x080080e8     0x4  startup_stm32f411xe.o [1]
  .text               ro code  0x080080ec     0x4  startup_stm32f411xe.o [1]
  .text               ro code  0x080080f0     0x4  startup_stm32f411xe.o [1]
  .text               ro code  0x080080f4     0x4  startup_stm32f411xe.o [1]
  .text               ro code  0x080080f8     0x4  startup_stm32f411xe.o [1]
  .text               ro code  0x080080fc     0x4  startup_stm32f411xe.o [1]
  .text               ro code  0x08008100     0x4  startup_stm32f411xe.o [1]
  .text               ro code  0x08008104     0x4  startup_stm32f411xe.o [1]
  .text               ro code  0x08008108     0x4  startup_stm32f411xe.o [1]
  .text               ro code  0x0800810c     0x4  startup_stm32f411xe.o [1]
  .text               ro code  0x08008110     0x4  startup_stm32f411xe.o [1]
  .text               ro code  0x08008114     0x4  startup_stm32f411xe.o [1]
  .text               ro code  0x08008118     0x4  startup_stm32f411xe.o [1]
  .text               ro code  0x0800811c     0x4  startup_stm32f411xe.o [1]
  .text               ro code  0x08008120     0x4  startup_stm32f411xe.o [1]
  .text               ro code  0x08008124     0x4  startup_stm32f411xe.o [1]
  .text               ro code  0x08008128     0x4  startup_stm32f411xe.o [1]
  .text               ro code  0x0800812c     0x4  startup_stm32f411xe.o [1]
  .text               ro code  0x08008130     0x4  startup_stm32f411xe.o [1]
  .text               ro code  0x08008134     0x4  startup_stm32f411xe.o [1]
  .text               ro code  0x08008138     0x4  startup_stm32f411xe.o [1]
  .text               ro code  0x0800813c     0x4  startup_stm32f411xe.o [1]
  .text               ro code  0x08008140     0x4  startup_stm32f411xe.o [1]
  .text               ro code  0x08008144     0x4  startup_stm32f411xe.o [1]
  .text               ro code  0x08008148     0x4  startup_stm32f411xe.o [1]
  .text               ro code  0x0800814c     0x4  startup_stm32f411xe.o [1]
  .text               ro code  0x08008150     0x4  startup_stm32f411xe.o [1]
  .text               ro code  0x08008154     0x4  startup_stm32f411xe.o [1]
  .text               ro code  0x08008158     0x4  startup_stm32f411xe.o [1]
  .text               ro code  0x0800815c     0x4  startup_stm32f411xe.o [1]
  .text               ro code  0x08008160     0x4  startup_stm32f411xe.o [1]
  .text               ro code  0x08008164     0x4  startup_stm32f411xe.o [1]
  .text               ro code  0x08008168     0x4  startup_stm32f411xe.o [1]
  .text               ro code  0x0800816c     0x4  startup_stm32f411xe.o [1]
  .text               ro code  0x08008170     0x4  startup_stm32f411xe.o [1]
  .text               ro code  0x08008174     0x4  startup_stm32f411xe.o [1]
  .text               ro code  0x08008178     0x4  startup_stm32f411xe.o [1]
  .text               ro code  0x0800817c     0x4  startup_stm32f411xe.o [1]
  .text               ro code  0x08008180     0x4  startup_stm32f411xe.o [1]
  .text               ro code  0x08008184     0x4  startup_stm32f411xe.o [1]
  .text               ro code  0x08008188     0x4  startup_stm32f411xe.o [1]
  .text               ro code  0x0800818c     0x4  startup_stm32f411xe.o [1]
  .text               ro code  0x08008190     0x4  startup_stm32f411xe.o [1]
  .text               ro code  0x08008194     0x4  startup_stm32f411xe.o [1]
  .text               ro code  0x08008198     0x4  startup_stm32f411xe.o [1]
  .text               ro code  0x0800819c     0x4  startup_stm32f411xe.o [1]
  .text               ro code  0x080081a0     0x4  startup_stm32f411xe.o [1]
  .text               ro code  0x080081a4     0x4  startup_stm32f411xe.o [1]
  .rodata             const    0x080081a8     0x0  zero_init3.o [5]
  .rodata             const    0x080081a8     0x0  packbits_init.o [5]
  Initializer bytes   ro data  0x080081a8   0x1df  <for P2 s0>
                             - 0x08008387  0x81ef

"P2":                                      0x1470
  P2 s0                        0x20000000   0x59b  <Init block>
    .data             inited   0x20000000   0x244  com.o [1]
    .data             inited   0x20000244    0xb8  main.o [1]
    .data             inited   0x200002fc    0x48  control.o [1]
    .data             inited   0x20000344    0x44  lsm6ds0.o [1]
    .data             inited   0x20000388    0x44  lsm6ds3.o [1]
    .data             inited   0x200003cc    0x40  x_nucleo_iks01a1.o [1]
    .data             inited   0x2000040c    0x34  lps25h.o [1]
    .data             inited   0x20000440    0x34  lps25hb.o [1]
    .data             inited   0x20000474    0x34  LSM9DS0_AHRS.o [1]
    .data             inited   0x200004a8    0x30  hts221.o [1]
    .data             inited   0x200004d8    0x24  sample_service.o [1]
    .data             inited   0x200004fc    0x18  main.o [1]
    .data             inited   0x20000514    0x14  lis3mdl.o [1]
    .data             inited   0x20000528    0x14  system_stm32f4xx.o [1]
    .data             inited   0x2000053c     0xc  lsm6ds3.o [1]
    .data             inited   0x20000548     0x8  hts221.o [1]
    .data             inited   0x20000550     0x8  lis3mdl.o [1]
    .data             inited   0x20000558     0x8  lps25h.o [1]
    .data             inited   0x20000560     0x8  lps25hb.o [1]
    .data             inited   0x20000568     0x8  lsm6ds0.o [1]
    .data             inited   0x20000570     0x8  lsm6ds3.o [1]
    .data             inited   0x20000578     0x8  x_nucleo_iks01a1_imu_6axes.o [1]
    .data             inited   0x20000580     0x8  x_nucleo_iks01a1_pressure.o [1]
    .data             inited   0x20000588     0x4  control.o [1]
    .data             inited   0x2000058c     0x4  control.o [1]
    .data             inited   0x20000590     0x4  stm32f4xx_nucleo.o [1]
    __DLIB_PERTHREAD  inited   0x20000594     0x4  errno.o [3]
    .data             inited   0x20000598     0x1  lps25h.o [1]
    .data             inited   0x20000599     0x1  lps25hb.o [1]
    .data             inited   0x2000059a     0x1  main.o [1]
  .bss                zero     0x2000059c   0x2d0  hci.o [1]
  .bss                zero     0x2000086c   0x200  com.o [1]
  .bss                zero     0x20000a6c   0x138  main.o [1]
  .bss                zero     0x20000ba4    0x84  main.o [1]
  .bss                zero     0x20000c28    0x7c  main.o [1]
  .bss                zero     0x20000ca4    0x7c  main.o [1]
  .bss                zero     0x20000d20    0x70  main.o [1]
  .bss                zero     0x20000d90    0x60  com.o [1]
  .bss                zero     0x20000df0    0x5c  main.o [1]
  .bss                zero     0x20000e4c    0x58  stm32_bluenrg_ble.o [1]
  .bss                zero     0x20000ea4    0x48  main.o [1]
  .bss                zero     0x20000eec    0x40  main.o [1]
  .bss                zero     0x20000f2c    0x3c  main.o [1]
  .bss                zero     0x20000f68    0x3c  main.o [1]
  .bss                zero     0x20000fa4    0x3c  main.o [1]
  .bss                zero     0x20000fe0    0x3c  main.o [1]
  .bss                zero     0x2000101c    0x18  hts221.o [1]
  .bss                zero     0x20001034    0x10  outputdata.o [1]
  .bss                zero     0x20001044     0xc  main.o [1]
  .bss                zero     0x20001050     0x8  main.o [1]
  .bss                zero     0x20001058     0x8  x_nucleo_iks01a1_hum_temp.o [1]
  .bss                zero     0x20001060     0x8  x_nucleo_iks01a1_magneto.o [1]
  .bss                zero     0x20001068     0x4  control.o [1]
  .bss                zero     0x2000106c     0x4  stm32f4xx_hal.o [1]
  CSTACK                       0x20001070   0x400  <Block>
    CSTACK            uninit   0x20001070   0x400  <Block tail>
                             - 0x20001470  0x1470


*******************************************************************************
*** INIT TABLE
***

          Address     Size
          -------     ----
Zero (__iar_zero_init3)
    1 destination range, total size 0xad4:
          0x2000059c  0xad4

Copy/packbits (__iar_packbits_init3)
    1 source range, total size 0x1df (33% of destination):
          0x080081a8  0x1df
    1 destination range, total size 0x59b:
          0x20000000  0x59b



*******************************************************************************
*** MODULE SUMMARY
***

    Module                        ro code  ro data  rw data
    ------                        -------  -------  -------
C:\Users\acer\Desktop\STM32Cube_FW_F4_V1.6.0\Projects\STM32F411RE-Nucleo\Examples\TIM\TIM_PWMInput\EWARM\STM32F4xx-Nucleo\Obj: [1]
    LSM9DS0_AHRS.o                    784       17       52
    bluenrg_gap_aci.o                 628
    bluenrg_gatt_aci.o                384
    bluenrg_hal_aci.o                 192
    bluenrg_interface.o                 4
    clock.o                             8        4
    com.o                             290      193    1 188
    control.o                         612       27       84
    gp_timer.o                         40
    hci.o                             852               720
    hts221.o                          984       18       80
    lis3mdl.o                         450       10       28
    list.o                             90
    lps25h.o                          496       22       61
    lps25hb.o                         496       19       61
    lsm6ds0.o                       1 534       25       76
    lsm6ds3.o                       2 168       30       88
    main.o                          6 700       71    1 501
    osal.o                             32
    outputdata.o                                         16
    sample_service.o                  684       12       36
    startup_stm32f411xe.o             640
    stm32_bluenrg_ble.o               868                88
    stm32f4xx_hal.o                   136                 4
    stm32f4xx_hal_adc.o               784
    stm32f4xx_hal_cortex.o            228
    stm32f4xx_hal_dma.o               254
    stm32f4xx_hal_gpio.o              464
    stm32f4xx_hal_i2c.o             1 576
    stm32f4xx_hal_msp.o               252
    stm32f4xx_hal_rcc.o             1 288
    stm32f4xx_hal_spi.o               972
    stm32f4xx_hal_tim.o             1 640
    stm32f4xx_hal_tim_ex.o              4
    stm32f4xx_hal_uart.o              948
    stm32f4xx_it.o                     46
    stm32f4xx_nucleo.o                140        1        4
    system_stm32f4xx.o                 80        7       20
    x_nucleo_iks01a1.o                536       21       64
    x_nucleo_iks01a1_hum_temp.o       128                 8
    x_nucleo_iks01a1_imu_6axes.o      292        2        8
    x_nucleo_iks01a1_magneto.o        124                 8
    x_nucleo_iks01a1_pressure.o       228        3        8
    -------------------------------------------------------
    Total:                         29 056      482    4 203

command line: [2]
    -------------------------------------------------------
    Total:

dl7M_tlf.a: [3]
    abort.o                             6
    errno.o                            12        1        4
    exit.o                              4
    low_level_init.o                    4
    xtls.o                              2
    -------------------------------------------------------
    Total:                             28        1        4

m7M_tls.a: [4]
    DblAdd.o                          232
    DblCmpGe.o                         46
    DblCmpLe.o                         46
    DblDiv.o                          582
    DblMul.o                          418
    DblSub.o                          384
    DblToFlt.o                        144
    DblToI32.o                         88
    FltToDbl.o                         78
    I32ToDbl.o                         48
    asin.o                            308
    atan2.o                           244
    fpinit_M.o                         34
    sqrt.o                            240
    xatan.o                           496
    xdtest.o                           64
    -------------------------------------------------------
    Total:                          3 452

rt7M_tl.a: [5]
    ABImemcpy_unaligned.o             118
    ABImemset.o                       102
    cexit.o                            10
    cmain.o                            26
    cstartup_M.o                       12
    data_init.o                        40
    iarEdom.o                          12
    packbits_init.o                   210
    zero_init3.o                       34
    -------------------------------------------------------
    Total:                            564

shb_l.a: [6]
    exit.o                             20
    -------------------------------------------------------
    Total:                             20

    Gaps                               22        2        1
    Linker created                              44    1 024
-----------------------------------------------------------
    Grand Total:                   33 142      529    5 232


*******************************************************************************
*** ENTRY LIST
***

Entry                      Address   Size  Type      Object
-----                      -------   ----  ----      ------
?main                   0x08008081         Code  Gb  cmain.o [5]
ACC_Value_Raw           0x200004fc    0x8  Data  Gb  main.o [1]
ADC_Init                0x08003683   0xe8  Code  Lc  stm32f4xx_hal_adc.o [1]
AHBPrescTable           0x20000528   0x10  Data  Gb  system_stm32f4xx.o [1]
AHRS_Update             0x08000af1   0xa4  Code  Gb  main.o [1]
APBAHBPrescTable        0x08004ccc   0x10  Data  Gb  stm32f4xx_hal_rcc.o [1]
AdcHandle               0x20000ea4   0x44  Data  Gb  main.o [1]
Adc_Init                0x080009a5   0x94  Code  Gb  main.o [1]
Add_Sample_Service      0x08001bc5   0x8c  Code  Gb  sample_service.o [1]
AngleControl            0x08003211  0x100  Code  Gb  control.o [1]
Attribute_Modified_CB   0x08001cf1   0x24  Code  Gb  sample_service.o [1]
BLE_Role                0x2000059a    0x1  Data  Gb  main.o [1]
BNRG_SPI_Init           0x08002333   0x32  Code  Gb  stm32_bluenrg_ble.o [1]
BSP_HUM_TEMP_GetHumidity
                        0x08004dbd   0x10  Code  Gb  x_nucleo_iks01a1_hum_temp.o [1]
BSP_HUM_TEMP_GetTemperature
                        0x08004dcd   0x10  Code  Gb  x_nucleo_iks01a1_hum_temp.o [1]
BSP_HUM_TEMP_Init       0x08004d69   0x54  Code  Gb  x_nucleo_iks01a1_hum_temp.o [1]
BSP_IMU_6AXES_G_GetAxesRaw
                        0x080042a9   0x10  Code  Gb  x_nucleo_iks01a1_imu_6axes.o [1]
BSP_IMU_6AXES_Init      0x080041b9   0xb4  Code  Gb  x_nucleo_iks01a1_imu_6axes.o [1]
BSP_IMU_6AXES_X_GetAxesRaw
                        0x08004299   0x10  Code  Gb  x_nucleo_iks01a1_imu_6axes.o [1]
BSP_LED_Init            0x08004cdd   0x4c  Code  Gb  stm32f4xx_nucleo.o [1]
BSP_LED_On              0x08004d29   0x16  Code  Gb  stm32f4xx_nucleo.o [1]
BSP_LED_Toggle          0x08004d3f   0x14  Code  Gb  stm32f4xx_nucleo.o [1]
BSP_MAGNETO_Init        0x080042dd   0x60  Code  Gb  x_nucleo_iks01a1_magneto.o [1]
BSP_MAGNETO_M_GetAxesRaw
                        0x0800433d   0x10  Code  Gb  x_nucleo_iks01a1_magneto.o [1]
BSP_PRESSURE_GetPressure
                        0x08004ea9   0x10  Code  Gb  x_nucleo_iks01a1_pressure.o [1]
BSP_PRESSURE_Init       0x08004de9   0x94  Code  Gb  x_nucleo_iks01a1_pressure.o [1]
Block_Cnt               0x20000bc8    0x4  Data  Gb  main.o [1]
Block_Detct             0x080005d5   0x60  Code  Gb  main.o [1]
Block_Flag              0x20000bbc    0x4  Data  Gb  main.o [1]
BlueNRG_DataPresent     0x08002383   0x12  Code  Gb  stm32_bluenrg_ble.o [1]
BlueNRG_Event           0x08000199   0x1a  Code  Gb  main.o [1]
BlueNRG_Init            0x080001b3   0x92  Code  Gb  main.o [1]
BlueNRG_RST             0x08002365   0x1e  Code  Gb  stm32_bluenrg_ble.o [1]
BlueNRG_SPI_Read_All    0x08002395   0x9a  Code  Gb  stm32_bluenrg_ble.o [1]
BlueNRG_SPI_Write       0x0800242f   0xa0  Code  Gb  stm32_bluenrg_ble.o [1]
BusFault_Handler        0x08007fdf    0x2  Code  Gb  stm32f4xx_it.o [1]
CLOCK_SECOND            0x080080cc    0x4  Data  Gb  clock.o [1]
CSTACK$$Base            0x20001070          --   Gb  - Linker created -
CSTACK$$Limit           0x20001470          --   Gb  - Linker created -
Car_Cmd                 0x20000c0c    0x4  Data  Gb  main.o [1]
Car_Cmd2                0x20000b90    0x4  Data  Gb  main.o [1]
Car_Cmd3                0x20000c10    0x4  Data  Gb  main.o [1]
Car_Cmd4                0x20000c14    0x4  Data  Gb  main.o [1]
Car_Turn_Deg            0x08000725   0xcc  Code  Gb  main.o [1]
Clear_SPI_EXTI_Flag     0x080024e7    0x8  Code  Gb  stm32_bluenrg_ble.o [1]
Clock_Time              0x08005171    0x4  Code  Gb  clock.o [1]
Clock_Wait              0x08005175    0x4  Code  Gb  clock.o [1]
DMA_SetConfig           0x08005785   0x1e  Code  Lc  stm32f4xx_hal_dma.o [1]
D_Err                   0x20000c04    0x4  Data  Gb  main.o [1]
D_Integral              0x20000c08    0x4  Data  Gb  main.o [1]
D_temp                  0x20000c00    0x4  Data  Gb  main.o [1]
Dance1_Flag             0x20000bb4    0x4  Data  Gb  main.o [1]
Dance2_Flag             0x20000b84    0x4  Data  Gb  main.o [1]
Dance3_Flag             0x20000b88    0x4  Data  Gb  main.o [1]
Dange_Detct             0x080003bd   0xc0  Code  Gb  main.o [1]
Dange_Flag              0x20000bc0    0x4  Data  Gb  main.o [1]
DebugMon_Handler        0x08007fe5    0x2  Code  Gb  stm32f4xx_it.o [1]
Disable_SPI_IRQ         0x080024e1    0x6  Code  Gb  stm32_bluenrg_ble.o [1]
EXTI0_IRQHandler        0x08007ff9    0x6  Code  Gb  stm32f4xx_it.o [1]
EXTI15_10_IRQHandler    0x08007fff    0x8  Code  Gb  stm32f4xx_it.o [1]
Enable_SPI_IRQ          0x080024db    0x6  Code  Gb  stm32_bluenrg_ble.o [1]
Encoder_Init            0x08000dcd   0x7a  Code  Gb  main.o [1]
Float2Char              0x08001099   0x9a  Code  Gb  main.o [1]
Follow_Me               0x08000255  0x15c  Code  Gb  main.o [1]
GAP_ConnectionComplete_CB
                        0x08001d15    0xa  Code  Gb  sample_service.o [1]
GAP_DisconnectionComplete_CB
                        0x08001d1f   0x18  Code  Gb  sample_service.o [1]
GATT_Notification_CB    0x08001d37   0x12  Code  Gb  sample_service.o [1]
GPIO_PIN                0x08004d64    0x2  Data  Gb  stm32f4xx_nucleo.o [1]
GPIO_PORT               0x20000590    0x4  Data  Gb  stm32f4xx_nucleo.o [1]
GYROSCOPE_ANGLE_RATIO   0x2000050c    0x4  Data  Gb  main.o [1]
GYR_Value_Raw           0x20000504    0x8  Data  Gb  main.o [1]
Get_Inf_Distance        0x08000941   0x54  Code  Gb  main.o [1]
Get_Speed               0x08000a41   0x9c  Code  Gb  main.o [1]
Gyro_Y_Offset           0x20000330    0x4  Data  Gb  control.o [1]
H0_T0_out               0x20001020    0x2  Data  Gb  hts221.o [1]
H0_rh                   0x2000102c    0x4  Data  Gb  hts221.o [1]
H1_T0_out               0x20001022    0x2  Data  Gb  hts221.o [1]
H1_rh                   0x20001030    0x4  Data  Gb  hts221.o [1]
HAL_ADC_ConfigChannel   0x0800355f  0x10c  Code  Gb  stm32f4xx_hal_adc.o [1]
HAL_ADC_GetValue        0x08003559    0x6  Code  Gb  stm32f4xx_hal_adc.o [1]
HAL_ADC_Init            0x08003475   0x34  Code  Gb  stm32f4xx_hal_adc.o [1]
HAL_ADC_MspInit         0x080034a9    0x2  Code  Wk  stm32f4xx_hal_adc.o [1]
HAL_ADC_Start           0x080034ab   0xa0  Code  Gb  stm32f4xx_hal_adc.o [1]
HAL_DMA_Init            0x080056a5   0x6c  Code  Gb  stm32f4xx_hal_dma.o [1]
HAL_DMA_Start_IT        0x08005715   0x46  Code  Gb  stm32f4xx_hal_dma.o [1]
HAL_Delay               0x080047b3   0x18  Code  Wk  stm32f4xx_hal.o [1]
HAL_GPIO_EXTI_Callback  0x080057a3    0x4  Code  Gb  bluenrg_interface.o [1]
HAL_GPIO_EXTI_IRQHandler
                        0x08003b17   0x14  Code  Gb  stm32f4xx_hal_gpio.o [1]
HAL_GPIO_Init           0x08003981  0x17a  Code  Gb  stm32f4xx_hal_gpio.o [1]
HAL_GPIO_ReadPin        0x08003afb    0xc  Code  Gb  stm32f4xx_hal_gpio.o [1]
HAL_GPIO_TogglePin      0x08003b0f    0x8  Code  Gb  stm32f4xx_hal_gpio.o [1]
HAL_GPIO_WritePin       0x08003b07    0x8  Code  Gb  stm32f4xx_hal_gpio.o [1]
HAL_GetTick             0x080047ad    0x6  Code  Wk  stm32f4xx_hal.o [1]
HAL_I2C_DeInit          0x080069b9   0x22  Code  Gb  stm32f4xx_hal_i2c.o [1]
HAL_I2C_GetState        0x08006c87    0x6  Code  Gb  stm32f4xx_hal_i2c.o [1]
HAL_I2C_Init            0x080068f9   0xc0  Code  Gb  stm32f4xx_hal_i2c.o [1]
HAL_I2C_Mem_Read        0x08006aa3  0x110  Code  Gb  stm32f4xx_hal_i2c.o [1]
HAL_I2C_Mem_Write       0x08006a03   0x94  Code  Gb  stm32f4xx_hal_i2c.o [1]
HAL_I2C_MspDeInit       0x080069ef    0x2  Code  Wk  stm32f4xx_hal_i2c.o [1]
HAL_I2C_MspInit         0x080069ed    0x2  Code  Wk  stm32f4xx_hal_i2c.o [1]
HAL_IncTick             0x080047a3    0xa  Code  Wk  stm32f4xx_hal.o [1]
HAL_Init                0x0800474d   0x30  Code  Gb  stm32f4xx_hal.o [1]
HAL_InitTick            0x0800477f   0x24  Code  Wk  stm32f4xx_hal.o [1]
HAL_MspInit             0x0800477d    0x2  Code  Wk  stm32f4xx_hal.o [1]
HAL_NVIC_DisableIRQ     0x080046f7    0xa  Code  Gb  stm32f4xx_hal_cortex.o [1]
HAL_NVIC_EnableIRQ      0x080046eb    0xc  Code  Gb  stm32f4xx_hal_cortex.o [1]
HAL_NVIC_SetPriority    0x080046a7   0x44  Code  Gb  stm32f4xx_hal_cortex.o [1]
HAL_NVIC_SetPriorityGrouping
                        0x0800468d   0x1a  Code  Gb  stm32f4xx_hal_cortex.o [1]
HAL_RCC_ClockConfig     0x08004a5b  0x174  Code  Gb  stm32f4xx_hal_rcc.o [1]
HAL_RCC_GetHCLKFreq     0x08004c4f   0x20  Code  Gb  stm32f4xx_hal_rcc.o [1]
HAL_RCC_GetPCLK1Freq    0x08004c6f   0x10  Code  Gb  stm32f4xx_hal_rcc.o [1]
HAL_RCC_GetPCLK2Freq    0x08004c7f    0xe  Code  Gb  stm32f4xx_hal_rcc.o [1]
HAL_RCC_GetSysClockFreq
                        0x08004c09   0x46  Code  Wk  stm32f4xx_hal_rcc.o [1]
HAL_RCC_OscConfig       0x080047d5  0x274  Code  Wk  stm32f4xx_hal_rcc.o [1]
HAL_SPI_Init            0x08005271   0x76  Code  Gb  stm32f4xx_hal_spi.o [1]
HAL_SPI_MspInit         0x080021c5   0xd0  Code  Gb  stm32_bluenrg_ble.o [1]
HAL_SPI_TransmitReceive
                        0x0800532d  0x16a  Code  Gb  stm32f4xx_hal_spi.o [1]
HAL_SYSTICK_Config      0x08004709   0x28  Code  Gb  stm32f4xx_hal_cortex.o [1]
HAL_TIMEx_BreakCallback
                        0x080058a7    0x2  Code  Wk  stm32f4xx_hal_tim_ex.o [1]
HAL_TIMEx_CommutationCallback
                        0x080058a5    0x2  Code  Wk  stm32f4xx_hal_tim_ex.o [1]
HAL_TIM_Base_Init       0x08003b51   0x1a  Code  Gb  stm32f4xx_hal_tim.o [1]
HAL_TIM_Base_MspInit    0x08003b6b    0x2  Code  Wk  stm32f4xx_hal_tim.o [1]
HAL_TIM_Base_Start      0x08003b6d   0x12  Code  Gb  stm32f4xx_hal_tim.o [1]
HAL_TIM_Base_Start_IT   0x08003b7f   0x16  Code  Gb  stm32f4xx_hal_tim.o [1]
HAL_TIM_Encoder_Init    0x08003c67   0x80  Code  Gb  stm32f4xx_hal_tim.o [1]
HAL_TIM_Encoder_MspInit
                        0x08005827   0x40  Code  Gb  stm32f4xx_hal_msp.o [1]
HAL_TIM_Encoder_Start   0x08003ced   0x20  Code  Gb  stm32f4xx_hal_tim.o [1]
HAL_TIM_IC_CaptureCallback
                        0x080017dd   0x40  Code  Gb  main.o [1]
HAL_TIM_IRQHandler      0x08003d17  0x14a  Code  Gb  stm32f4xx_hal_tim.o [1]
HAL_TIM_OC_DelayElapsedCallback
                        0x08003fcb    0x2  Code  Wk  stm32f4xx_hal_tim.o [1]
HAL_TIM_PWM_ConfigChannel
                        0x08003e61   0xac  Code  Gb  stm32f4xx_hal_tim.o [1]
HAL_TIM_PWM_Init        0x08003bc1   0x1a  Code  Gb  stm32f4xx_hal_tim.o [1]
HAL_TIM_PWM_MspInit     0x080057a9   0x44  Code  Gb  stm32f4xx_hal_msp.o [1]
HAL_TIM_PWM_Pulse       0x08003f37   0x28  Code  Gb  stm32f4xx_hal_tim.o [1]
HAL_TIM_PWM_PulseFinishedCallback
                        0x08003fcd    0x2  Code  Wk  stm32f4xx_hal_tim.o [1]
HAL_TIM_PWM_Start       0x08003bdb    0x8  Code  Gb  stm32f4xx_hal_tim.o [1]
HAL_TIM_PeriodElapsedCallback
                        0x08001835  0x108  Code  Gb  main.o [1]
HAL_TIM_ReadCapturedValue
                        0x08003f89   0x42  Code  Gb  stm32f4xx_hal_tim.o [1]
HAL_TIM_TriggerCallback
                        0x08003fcf    0x2  Code  Wk  stm32f4xx_hal_tim.o [1]
HAL_UART_ErrorCallback  0x08003029    0x2  Code  Wk  stm32f4xx_hal_uart.o [1]
HAL_UART_Init           0x08002e5d   0x22  Code  Gb  stm32f4xx_hal_uart.o [1]
HAL_UART_MspInit        0x08002ed5    0x2  Code  Wk  stm32f4xx_hal_uart.o [1]
HAL_UART_Receive_DMA    0x08002fa3   0x6c  Code  Gb  stm32f4xx_hal_uart.o [1]
HAL_UART_RxCpltCallback
                        0x08003025    0x2  Code  Wk  stm32f4xx_hal_uart.o [1]
HAL_UART_RxHalfCpltCallback
                        0x08003027    0x2  Code  Wk  stm32f4xx_hal_uart.o [1]
HAL_UART_Transmit       0x08002ed7   0x94  Code  Gb  stm32f4xx_hal_uart.o [1]
HCI_Event_CB            0x08001d49   0xd6  Code  Gb  sample_service.o [1]
HCI_Init                0x08001e71   0x2c  Code  Gb  hci.o [1]
HCI_Isr                 0x08001f29   0x6a  Code  Gb  hci.o [1]
HCI_Process             0x08001ebf   0x6a  Code  Gb  hci.o [1]
HCI_verify              0x08001e9d   0x22  Code  Gb  hci.o [1]
HTS221_Calibration      0x08007521  0x118  Code  Lc  hts221.o [1]
HTS221_GetHumidity      0x080076e9   0xb8  Code  Lc  hts221.o [1]
HTS221_GetTemperature   0x080077cf   0x98  Code  Lc  hts221.o [1]
HTS221_IO_ITConfig      0x080067a1    0x2  Code  Gb  x_nucleo_iks01a1.o [1]
HTS221_IO_Init          0x0800679d    0x4  Code  Gb  x_nucleo_iks01a1.o [1]
HTS221_IO_Read          0x080067b3    0x8  Code  Gb  x_nucleo_iks01a1.o [1]
HTS221_IO_Write         0x080067a3    0x2  Code  Gb  x_nucleo_iks01a1.o [1]
HTS221_Init             0x08007647   0x66  Code  Lc  hts221.o [1]
HTS221_Power_OFF        0x080078cf   0x20  Code  Lc  hts221.o [1]
HTS221_ReadID           0x080076b9   0x10  Code  Lc  hts221.o [1]
HTS221_RebootCmd        0x080076c9   0x1e  Code  Lc  hts221.o [1]
HUMIDITY_Value          0x20000b74    0x4  Data  Gb  main.o [1]
Hal_Write_Serial        0x080022f1   0x42  Code  Gb  stm32_bluenrg_ble.o [1]
HardFault_Handler       0x08007fdb    0x2  Code  Gb  stm32f4xx_it.o [1]
Hts221Drv               0x200004a8   0x30  Data  Gb  hts221.o [1]
Hts221Drv_ext           0x20000548    0x8  Data  Gb  hts221.o [1]
HumTempInitialized      0x20001058    0x1  Data  Lc  x_nucleo_iks01a1_hum_temp.o [1]
Hum_tempDrv             0x2000105c    0x4  Data  Lc  x_nucleo_iks01a1_hum_temp.o [1]
I2C_EXPBD_Error         0x080068c3   0x14  Code  Lc  x_nucleo_iks01a1.o [1]
I2C_EXPBD_Handle        0x200003cc   0x3c  Data  Lc  x_nucleo_iks01a1.o [1]
I2C_EXPBD_Init          0x080067d7   0xa8  Code  Lc  x_nucleo_iks01a1.o [1]
I2C_EXPBD_ReadData      0x08006897   0x18  Code  Lc  x_nucleo_iks01a1.o [1]
I2C_EXPBD_Timeout       0x20000408    0x4  Data  Gb  x_nucleo_iks01a1.o [1]
I2C_EXPBD_WriteData     0x0800687f   0x18  Code  Lc  x_nucleo_iks01a1.o [1]
I2C_RequestMemoryRead   0x08006d3b   0xb6  Code  Lc  stm32f4xx_hal_i2c.o [1]
I2C_RequestMemoryWrite  0x08006cab   0x7e  Code  Lc  stm32f4xx_hal_i2c.o [1]
I2C_WaitOnFlagUntilTimeout
                        0x08006e0d   0x7a  Code  Lc  stm32f4xx_hal_i2c.o [1]
I2C_WaitOnMasterAddressFlagUntilTimeout
                        0x08006eaf   0x68  Code  Lc  stm32f4xx_hal_i2c.o [1]
IMU_6AXES_IO_Read       0x080067bf    0x8  Code  Lc  x_nucleo_iks01a1.o [1]
IMU_6AXES_IO_Write      0x080067bb    0x4  Code  Lc  x_nucleo_iks01a1.o [1]
Imu6AxesDrv             0x2000057c    0x4  Data  Lc  x_nucleo_iks01a1_imu_6axes.o [1]
Imu6AxesInitialized     0x20000578    0x1  Data  Lc  x_nucleo_iks01a1_imu_6axes.o [1]
InStream_Read           0x08007e9b   0x22  Code  Lc  packbits_init.o [5]
Inf_Analyze_L           0x080008d5   0x36  Code  Gb  main.o [1]
Inf_Analyze_R           0x0800090b   0x36  Code  Gb  main.o [1]
Inf_Distance            0x20000c18    0x4  Data  Gb  main.o [1]
Inf_Distance_Last       0x20000ee8    0x4  Data  Gb  main.o [1]
Inf_Value_L             0x20000c28   0x7c  Data  Gb  main.o [1]
Inf_Value_R             0x20000ca4   0x7c  Data  Gb  main.o [1]
LIS3MDLDrv              0x20000514   0x14  Data  Gb  lis3mdl.o [1]
LIS3MDLDrv_ext          0x20000550    0x8  Data  Gb  lis3mdl.o [1]
LIS3MDL_IO_ITConfig     0x0800677b    0x2  Code  Gb  x_nucleo_iks01a1.o [1]
LIS3MDL_IO_Init         0x08006777    0x4  Code  Gb  x_nucleo_iks01a1.o [1]
LIS3MDL_IO_Read         0x08006781    0x8  Code  Gb  x_nucleo_iks01a1.o [1]
LIS3MDL_IO_Write        0x0800677d    0x4  Code  Gb  x_nucleo_iks01a1.o [1]
LIS3MDL_Init            0x08007cd9   0xa4  Code  Lc  lis3mdl.o [1]
LIS3MDL_M_GetAxes       0x08007df5   0x80  Code  Lc  lis3mdl.o [1]
LIS3MDL_M_GetAxesRaw    0x08007d95   0x44  Code  Lc  lis3mdl.o [1]
LIS3MDL_Read_M_ID       0x08007d85   0x10  Code  Lc  lis3mdl.o [1]
LPS25HBDrv              0x20000440   0x34  Data  Gb  lps25hb.o [1]
LPS25HBDrv_ext          0x20000560    0x8  Data  Gb  lps25hb.o [1]
LPS25HB_GetPressure     0x08007c01   0x40  Code  Lc  lps25hb.o [1]
LPS25HB_GetTemperature  0x08007c4d   0x48  Code  Lc  lps25hb.o [1]
LPS25HB_IO_ITConfig     0x08006793    0x2  Code  Gb  x_nucleo_iks01a1.o [1]
LPS25HB_IO_Init         0x0800678f    0x4  Code  Gb  x_nucleo_iks01a1.o [1]
LPS25HB_IO_Read         0x0800679b    0x2  Code  Gb  x_nucleo_iks01a1.o [1]
LPS25HB_IO_Write        0x08006797    0x2  Code  Gb  x_nucleo_iks01a1.o [1]
LPS25HB_Init            0x08007ae9   0xc2  Code  Lc  lps25hb.o [1]
LPS25HB_PowerOff        0x08007c95   0x2a  Code  Lc  lps25hb.o [1]
LPS25HB_ReadID          0x08007bb9   0x12  Code  Lc  lps25hb.o [1]
LPS25HB_RebootCmd       0x08007bcb   0x2e  Code  Lc  lps25hb.o [1]
LPS25HB_SlaveAddrRemap  0x08007cbf    0xe  Code  Lc  lps25hb.o [1]
LPS25HB_SlaveAddress    0x20000599    0x1  Data  Gb  lps25hb.o [1]
LPS25HDrv               0x2000040c   0x34  Data  Gb  lps25h.o [1]
LPS25HDrv_ext           0x20000558    0x8  Data  Gb  lps25h.o [1]
LPS25H_GetPressure      0x08007a11   0x40  Code  Lc  lps25h.o [1]
LPS25H_GetTemperature   0x08007a5d   0x48  Code  Lc  lps25h.o [1]
LPS25H_IO_ITConfig      0x0800678d    0x2  Code  Gb  x_nucleo_iks01a1.o [1]
LPS25H_IO_Init          0x08006789    0x4  Code  Gb  x_nucleo_iks01a1.o [1]
LPS25H_IO_Read          0x08006799    0x2  Code  Gb  x_nucleo_iks01a1.o [1]
LPS25H_IO_Write         0x08006795    0x2  Code  Gb  x_nucleo_iks01a1.o [1]
LPS25H_Init             0x080078f9   0xc2  Code  Lc  lps25h.o [1]
LPS25H_PowerOff         0x08007aa5   0x2a  Code  Lc  lps25h.o [1]
LPS25H_ReadID           0x080079c9   0x12  Code  Lc  lps25h.o [1]
LPS25H_RebootCmd        0x080079db   0x2e  Code  Lc  lps25h.o [1]
LPS25H_SlaveAddrRemap   0x08007acf    0xe  Code  Lc  lps25h.o [1]
LPS25H_SlaveAddress     0x20000598    0x1  Data  Gb  lps25h.o [1]
LSM6DS0Drv              0x20000344   0x44  Data  Gb  lsm6ds0.o [1]
LSM6DS0Drv_ext          0x20000568    0x8  Data  Gb  lsm6ds0.o [1]
LSM6DS0_G_GetAxes       0x080070cb   0x26  Code  Lc  lsm6ds0.o [1]
LSM6DS0_G_GetAxesRaw    0x0800705d   0x2a  Code  Lc  lsm6ds0.o [1]
LSM6DS0_G_GetSensitivity
                        0x080073cf   0x2e  Code  Lc  lsm6ds0.o [1]
LSM6DS0_G_Get_FS        0x08007423   0x2e  Code  Lc  lsm6ds0.o [1]
LSM6DS0_G_Get_ODR       0x080072fb   0x4e  Code  Lc  lsm6ds0.o [1]
LSM6DS0_G_Set_FS        0x08007459   0x3e  Code  Lc  lsm6ds0.o [1]
LSM6DS0_G_Set_ODR       0x08007349   0x68  Code  Lc  lsm6ds0.o [1]
LSM6DS0_IO_ITConfig     0x080066e5    0x2  Code  Gb  x_nucleo_iks01a1.o [1]
LSM6DS0_IO_Init         0x080066e1    0x4  Code  Gb  x_nucleo_iks01a1.o [1]
LSM6DS0_IO_Read         0x08006773    0x2  Code  Gb  x_nucleo_iks01a1.o [1]
LSM6DS0_IO_Write        0x0800676f    0x2  Code  Gb  x_nucleo_iks01a1.o [1]
LSM6DS0_Init            0x08006f21   0x96  Code  Lc  lsm6ds0.o [1]
LSM6DS0_Read_XG_ID      0x08006ff3   0x10  Code  Lc  lsm6ds0.o [1]
LSM6DS0_X_GetAxes       0x08007037   0x26  Code  Lc  lsm6ds0.o [1]
LSM6DS0_X_GetAxesRaw    0x08007003   0x2c  Code  Lc  lsm6ds0.o [1]
LSM6DS0_X_GetSensitivity
                        0x0800720d   0x36  Code  Lc  lsm6ds0.o [1]
LSM6DS0_X_Get_FS        0x08007257   0x3e  Code  Lc  lsm6ds0.o [1]
LSM6DS0_X_Get_ODR       0x08007149   0x5a  Code  Lc  lsm6ds0.o [1]
LSM6DS0_X_Set_FS        0x08007295   0x48  Code  Lc  lsm6ds0.o [1]
LSM6DS0_X_Set_ODR       0x080071a5   0x68  Code  Lc  lsm6ds0.o [1]
LSM6DS3Drv              0x20000388   0x44  Data  Gb  lsm6ds3.o [1]
LSM6DS3Drv_ext          0x20000570    0x8  Data  Gb  lsm6ds3.o [1]
LSM6DS3Drv_ext_internal
                        0x2000053c    0xc  Data  Gb  lsm6ds3.o [1]
LSM6DS3_Disable_Free_Fall_Detection
                        0x0800663f   0x32  Code  Lc  lsm6ds3.o [1]
LSM6DS3_Enable_Free_Fall_Detection
                        0x080065d3   0x64  Code  Lc  lsm6ds3.o [1]
LSM6DS3_G_GetAxes       0x08006035   0x26  Code  Lc  lsm6ds3.o [1]
LSM6DS3_G_GetAxesRaw    0x08005fc7   0x2a  Code  Lc  lsm6ds3.o [1]
LSM6DS3_G_GetSensitivity
                        0x080063ef   0x46  Code  Lc  lsm6ds3.o [1]
LSM6DS3_G_Get_FS        0x0800645f   0x46  Code  Lc  lsm6ds3.o [1]
LSM6DS3_G_Get_ODR       0x080062d7   0x5e  Code  Lc  lsm6ds3.o [1]
LSM6DS3_G_Set_FS        0x080064c1   0x94  Code  Lc  lsm6ds3.o [1]
LSM6DS3_G_Set_ODR       0x08006335   0x84  Code  Lc  lsm6ds3.o [1]
LSM6DS3_Get_Status_Free_Fall_Detection
                        0x080066bb   0x26  Code  Lc  lsm6ds3.o [1]
LSM6DS3_IO_ITConfig     0x080066f3   0x7c  Code  Gb  x_nucleo_iks01a1.o [1]
LSM6DS3_IO_Init         0x080066e7    0x2  Code  Gb  x_nucleo_iks01a1.o [1]
LSM6DS3_IO_Read         0x08006775    0x2  Code  Gb  x_nucleo_iks01a1.o [1]
LSM6DS3_IO_Write        0x08006771    0x2  Code  Gb  x_nucleo_iks01a1.o [1]
LSM6DS3_Init            0x08005e69   0xd0  Code  Lc  lsm6ds3.o [1]
LSM6DS3_Read_XG_ID      0x08005f65   0x10  Code  Lc  lsm6ds3.o [1]
LSM6DS3_X_GetAxes       0x08005fa1   0x26  Code  Lc  lsm6ds3.o [1]
LSM6DS3_X_GetAxesRaw    0x08005f75   0x2c  Code  Lc  lsm6ds3.o [1]
LSM6DS3_X_GetSensitivity
                        0x080061eb   0x3e  Code  Lc  lsm6ds3.o [1]
LSM6DS3_X_Get_FS        0x0800623d   0x3e  Code  Lc  lsm6ds3.o [1]
LSM6DS3_X_Get_ODR       0x080060b3   0x82  Code  Lc  lsm6ds3.o [1]
LSM6DS3_X_Set_FS        0x0800627d   0x4c  Code  Lc  lsm6ds3.o [1]
LSM6DS3_X_Set_ODR       0x08006135   0xa4  Code  Lc  lsm6ds3.o [1]
LSM9DS0_AHRS            0x08004359   0x1a  Code  Gb  LSM9DS0_AHRS.o [1]
LSM9DS0_AHRS_updateEulerAngles
                        0x08004375   0xbc  Code  Gb  LSM9DS0_AHRS.o [1]
Left_Right              0x20000bac    0x8  Data  Gb  main.o [1]
Lett_Right_Flag         0x20000b80    0x4  Data  Gb  main.o [1]
MAG_Value_Raw           0x20000ba4    0x8  Data  Gb  main.o [1]
MY_Msg_Data             0x200004e0    0x8  Data  Gb  sample_service.o [1]
MY_Msg_Long             0x200004de    0x1  Data  Gb  sample_service.o [1]
MY_counter              0x200004ee    0x2  Data  Gb  sample_service.o [1]
MagnetoDrv              0x20001064    0x4  Data  Lc  x_nucleo_iks01a1_magneto.o [1]
MagnetoInitialized      0x20001060    0x1  Data  Lc  x_nucleo_iks01a1_magneto.o [1]
MahonyAHRSupdateIMU     0x0800447d  0x1aa  Code  Gb  LSM9DS0_AHRS.o [1]
Make_Connection         0x08001c51   0x84  Code  Gb  sample_service.o [1]
MemManage_Handler       0x08007fdd    0x2  Code  Gb  stm32f4xx_it.o [1]
Motor_Control_1         0x08000ca7   0x3a  Code  Gb  main.o [1]
Motor_Control_2         0x08000ce5   0x3c  Code  Gb  main.o [1]
Motor_Output            0x08000b95   0x9a  Code  Gb  main.o [1]
Motor_Pwm_Init          0x08000e55   0x7c  Code  Gb  main.o [1]
Msg                     0x20000a6c  0x104  Data  Gb  main.o [1]
NMI_Handler             0x08007fd9    0x2  Code  Gb  stm32f4xx_it.o [1]
NVIC_GetPriorityGrouping
                        0x08004669    0xa  Code  Lc  stm32f4xx_hal_cortex.o [1]
NVIC_SetPriority        0x08004673   0x1a  Code  Lc  stm32f4xx_hal_cortex.o [1]
New_Data_Flag           0x20000b94    0x4  Data  Gb  main.o [1]
Nrf24L01_GPIO_Init      0x08000c51   0x32  Code  Gb  main.o [1]
Osal_MemCpy             0x08002529    0xc  Code  Gb  osal.o [1]
Osal_MemSet             0x08002535   0x14  Code  Gb  osal.o [1]
OutData                 0x20001034   0x10  Data  Gb  outputdata.o [1]
PRESSURE_IO_Read        0x080067cf    0x8  Code  Lc  x_nucleo_iks01a1.o [1]
PRESSURE_IO_Write       0x080067cb    0x4  Code  Lc  x_nucleo_iks01a1.o [1]
PRESSURE_Value          0x20000b70    0x4  Data  Gb  main.o [1]
PendSV_Handler          0x08007fe7    0x2  Code  Gb  stm32f4xx_it.o [1]
Pre_Speed_L             0x20000d88    0x4  Data  Gb  main.o [1]
Pre_Speed_R             0x20000d8c    0x4  Data  Gb  main.o [1]
PressureDrv             0x20000584    0x4  Data  Lc  x_nucleo_iks01a1_pressure.o [1]
PressureInitialized     0x20000580    0x1  Data  Lc  x_nucleo_iks01a1_pressure.o [1]
RXCharHandle            0x200004f4    0x2  Data  Gb  sample_service.o [1]
Region$$Table$$Base     0x08008054          --   Gb  - Linker created -
Region$$Table$$Limit    0x08008080          --   Gb  - Linker created -
SPI_WaitOnFlagUntilTimeout
                        0x080055a3   0x78  Code  Lc  stm32f4xx_hal_spi.o [1]
SVC_Handler             0x08007fe3    0x2  Code  Gb  stm32f4xx_it.o [1]
Shake_Heak              0x08000501   0xc0  Code  Gb  main.o [1]
Shake_Heak_Flag         0x20000bc4    0x4  Data  Gb  main.o [1]
Speech                  0x08000639   0x40  Code  Gb  main.o [1]
SpeechT                 0x08000689   0x8e  Code  Gb  main.o [1]
SpeedControl            0x08003311   0x7e  Code  Gb  control.o [1]
SpeedControlOutput      0x0800338f   0x3a  Code  Gb  control.o [1]
Speed_A                 0x20000d80    0x4  Data  Gb  main.o [1]
Speed_A_Last            0x20000d84    0x4  Data  Gb  main.o [1]
Speed_L                 0x20000bec    0x4  Data  Gb  main.o [1]
Speed_Need              0x20000bf8    0x4  Data  Gb  main.o [1]
Speed_R                 0x20000bf0    0x4  Data  Gb  main.o [1]
Speek_F                 0x20000b98    0xc  Data  Gb  main.o [1]
SpiHandle               0x20000e4c   0x58  Data  Gb  stm32_bluenrg_ble.o [1]
SteerConerolOut1        0x20000588    0x4  Data  Gb  control.o [1]
SteerConerolOut2        0x2000058c    0x4  Data  Gb  control.o [1]
Steer_Cmd_Array         0x20000248   0xb4  Data  Lc  main.o [1]
Steer_Cmd_Cnt           0x20000244    0x1  Data  Gb  main.o [1]
Steer_Cmd_Flag          0x20000bb8    0x4  Data  Gb  main.o [1]
Steer_Cmd_XY            0x0800049f   0x58  Code  Gb  main.o [1]
Steer_Control           0x0800083d   0x92  Code  Gb  main.o [1]
Steer_Control_1         0x08000c95    0x6  Code  Gb  main.o [1]
Steer_Control_2         0x08000c9b    0x4  Code  Gb  main.o [1]
Steer_Output            0x080007f9   0x3e  Code  Gb  main.o [1]
Steer_Pwm_Init          0x08000ee3   0x80  Code  Gb  main.o [1]
SysTick_Handler         0x08007fe9    0x4  Code  Gb  stm32f4xx_it.o [1]
SystemCoreClock         0x20000538    0x4  Data  Gb  system_stm32f4xx.o [1]
SystemInit              0x08007f89   0x3a  Code  Gb  system_stm32f4xx.o [1]
T0_degC                 0x20001024    0x4  Data  Gb  hts221.o [1]
T0_out                  0x2000101c    0x2  Data  Gb  hts221.o [1]
T1_degC                 0x20001028    0x4  Data  Gb  hts221.o [1]
T1_out                  0x2000101e    0x2  Data  Gb  hts221.o [1]
TEMPERATURE_Value       0x20000b78    0x4  Data  Gb  main.o [1]
TIM5_IRQHandler         0x08007fed    0x6  Code  Gb  stm32f4xx_it.o [1]
TIM_Base_SetConfig      0x08003fd1   0x72  Code  Gb  stm32f4xx_hal_tim.o [1]
TIM_CCxChannelCmd       0x08004099   0x18  Code  Gb  stm32f4xx_hal_tim.o [1]
TIM_OC1_SetConfig       0x080040b1   0x44  Code  Lc  stm32f4xx_hal_tim.o [1]
TIM_OC2_SetConfig       0x0800404d   0x4c  Code  Gb  stm32f4xx_hal_tim.o [1]
TIM_OC3_SetConfig       0x08004101   0x50  Code  Lc  stm32f4xx_hal_tim.o [1]
TIM_OC4_SetConfig       0x08004179   0x40  Code  Lc  stm32f4xx_hal_tim.o [1]
TXCharHandle            0x200004f2    0x2  Data  Gb  sample_service.o [1]
TimHandleT1             0x20000f2c   0x3c  Data  Gb  main.o [1]
TimHandleT2             0x20000df4   0x3c  Data  Gb  main.o [1]
TimHandleT3             0x20000d44   0x3c  Data  Gb  main.o [1]
TimHandleT4             0x20000f68   0x3c  Data  Gb  main.o [1]
TimHandleT5             0x20000fa4   0x3c  Data  Gb  main.o [1]
TimHandleT9             0x20000fe0   0x3c  Data  Gb  main.o [1]
Time_Cnt                0x20000c1c    0x4  Data  Gb  main.o [1]
Time_Cnt2               0x20000c20    0x4  Data  Gb  main.o [1]
Time_Cnt3               0x20000c24    0x4  Data  Gb  main.o [1]
Time_Init               0x08000f9f   0x4e  Code  Gb  main.o [1]
Time_Long               0x20000be0    0x4  Data  Gb  main.o [1]
Time_Long2              0x20000be4    0x4  Data  Gb  main.o [1]
Time_Start              0x20000bdc    0x4  Data  Gb  main.o [1]
Time_Start_Pre          0x20000be8    0x4  Data  Gb  main.o [1]
Timer_Expired           0x08005259   0x18  Code  Gb  gp_timer.o [1]
Timer_Set               0x08005249    0x8  Code  Gb  gp_timer.o [1]
Turn_90_L_Flag          0x20000b7c    0x4  Data  Gb  main.o [1]
Turn_Control            0x080033dd   0x4e  Code  Gb  control.o [1]
Turn_Flag               0x20000bf4    0x4  Data  Gb  main.o [1]
Turn_Flag1              0x20001054    0x4  Data  Gb  main.o [1]
Turn_Flag2              0x20001050    0x4  Data  Gb  main.o [1]
Turn_Need               0x20000bfc    0x4  Data  Gb  main.o [1]
UART_DMAError           0x0800306d   0x20  Code  Lc  stm32f4xx_hal_uart.o [1]
UART_DMAReceiveCplt     0x0800302d   0x32  Code  Lc  stm32f4xx_hal_uart.o [1]
UART_DMARxHalfCplt      0x08003061    0xa  Code  Lc  stm32f4xx_hal_uart.o [1]
UART_RxBuffer           0x2000086c  0x200  Data  Gb  com.o [1]
UART_SetConfig          0x08003125   0xe0  Code  Lc  stm32f4xx_hal_uart.o [1]
UART_TxBuffer           0x20000044  0x200  Data  Gb  com.o [1]
UART_WaitOnFlagUntilTimeout
                        0x0800308d   0x72  Code  Lc  stm32f4xx_hal_uart.o [1]
USARTConfig             0x08004f1d   0x96  Code  Gb  com.o [1]
USART_DMA_Configuration
                        0x08004ecd   0x50  Code  Gb  com.o [1]
Uart6_Init              0x08000d27   0x46  Code  Gb  main.o [1]
UartHandle              0x20000000   0x40  Data  Gb  com.o [1]
UartHandle6             0x20000eec   0x40  Data  Gb  main.o [1]
Uart_Engine             0x20000d90    0x8  Data  Gb  com.o [1]
Ult_Distance            0x20001068    0x4  Data  Gb  control.o [1]
Ultrasonic_May_Break    0x20000bd0    0x4  Data  Gb  main.o [1]
Ultrasonic_OK_Flag      0x20000bcc    0x4  Data  Gb  main.o [1]
Ultrasonic_OK_Flag_Pre  0x20000bd4    0x4  Data  Gb  main.o [1]
Ultrasonic_Time_Init    0x08001001   0x7e  Code  Gb  main.o [1]
UsageFault_Handler      0x08007fe1    0x2  Code  Gb  stm32f4xx_it.o [1]
Usart_BaudRate          0x20000040    0x4  Data  Gb  com.o [1]
__aeabi_cdcmple         0x08005ad1         Code  Gb  DblCmpLe.o [4]
__aeabi_cdrcmple        0x08005e39         Code  Gb  DblCmpGe.o [4]
__aeabi_d2f             0x08002d7d         Code  Gb  DblToFlt.o [4]
__aeabi_d2iz            0x08003929         Code  Gb  DblToI32.o [4]
__aeabi_d2uiz           0x08003955         Code  Gb  DblToI32.o [4]
__aeabi_dadd            0x08002c95         Code  Gb  DblAdd.o [4]
__aeabi_ddiv            0x08002a2d         Code  Gb  DblDiv.o [4]
__aeabi_dmul            0x08003785         Code  Gb  DblMul.o [4]
__aeabi_dsub            0x08004ff1         Code  Gb  DblSub.o [4]
__aeabi_errno_addr      0x08005de1    0x6  Code  Gb  errno.o [3]
__aeabi_f2d             0x08002e0d         Code  Gb  FltToDbl.o [4]
__aeabi_i2d             0x080029fd         Code  Gb  I32ToDbl.o [4]
__aeabi_memset          0x0800563d         Code  Gb  ABImemset.o [5]
__aeabi_ui2d            0x08002a11         Code  Gb  I32ToDbl.o [4]
__cmain                 0x08008081         Code  Gb  cmain.o [5]
__exit                  0x08007f75   0x14  Code  Gb  exit.o [6]
__iar_Atan              0x08005bf1  0x158  Code  Gb  xatan.o [4]
__iar_Dtest             0x08005ded   0x30  Code  Gb  xdtest.o [4]
__iar_Errno             0x20000594    0x4  Data  Gb  errno.o [3]
__iar_Memset            0x0800563d         Code  Gb  ABImemset.o [5]
__iar_Memset_word       0x08005645         Code  Gb  ABImemset.o [5]
__iar_d2uiz             0x08003961         Code  Gb  DblToI32.o [4]
__iar_dadd              0x08002ca9         Code  Gb  DblAdd.o [4]
__iar_data_init3        0x08008009   0x28  Code  Gb  data_init.o [5]
__iar_dlib_perthread_access
                        0x08005e67    0x2  Code  Gb  xtls.o [3]
__iar_dsub              0x08005005         Code  Gb  DblSub.o [4]
__iar_dsubStart         0x08005017         Code  Gb  DblSub.o [4]
__iar_edom              0x08005e2d         Code  Gb  iarEdom.o [5]
__iar_init_vfp          0x08008031         Code  Gb  fpinit_M.o [4]
__iar_packbits_init3    0x08007ebd   0xb0  Code  Gb  packbits_init.o [5]
__iar_program_start     0x080080c1         Code  Gb  cstartup_M.o [5]
__iar_sqrt              0x08005b01         Code  Gb  sqrt.o [4]
__iar_ui2d              0x08002a15         Code  Gb  I32ToDbl.o [4]
__iar_unaligned___aeabi_memcpy
                        0x08005179         Code  Gb  ABImemcpy_unaligned.o [5]
__iar_unaligned___aeabi_memcpy4
                        0x08005199         Code  Gb  ABImemcpy_unaligned.o [5]
__iar_unaligned___aeabi_memcpy8
                        0x08005199         Code  Gb  ABImemcpy_unaligned.o [5]
__iar_vfp_asin          0x080059cd   0x10  Code  Gb  asin.o [4]
__iar_vfp_atan2         0x08005abd   0x14  Code  Gb  atan2.o [4]
__iar_zero_init3        0x08002c73   0x22  Code  Gb  zero_init3.o [5]
__low_level_init        0x0800809b    0x4  Code  Gb  low_level_init.o [3]
__vector_table          0x08000000         Data  Gb  startup_stm32f411xe.o [1]
_call_main              0x0800808d         Code  Gb  cmain.o [5]
_exit                   0x080080a5         Code  Gb  cexit.o [5]
_main                   0x08008097         Code  Gb  cmain.o [5]
a                       0x08005da0   0x40  Data  Lc  xatan.o [4]
abort                   0x08007f6d    0x6  Code  Gb  abort.o [3]
aci_gap_create_connection
                        0x0800294f   0x28  Code  Gb  bluenrg_gap_aci.o [1]
aci_gap_init            0x08002789   0x5e  Code  Gb  bluenrg_gap_aci.o [1]
aci_gap_set_auth_requirement
                        0x080028bd   0x62  Code  Gb  bluenrg_gap_aci.o [1]
aci_gap_set_discoverable
                        0x080027e7   0x4a  Code  Gb  bluenrg_gap_aci.o [1]
aci_gatt_add_char       0x08002697   0x8c  Code  Gb  bluenrg_gatt_aci.o [1]
aci_gatt_add_serv       0x0800262f   0x68  Code  Gb  bluenrg_gatt_aci.o [1]
aci_gatt_init           0x08002609   0x26  Code  Gb  bluenrg_gatt_aci.o [1]
aci_hal_set_tx_power_level
                        0x08002597   0x3c  Code  Gb  bluenrg_hal_aci.o [1]
aci_hal_write_config_data
                        0x08002549   0x4e  Code  Gb  bluenrg_hal_aci.o [1]
asin                    0x080058a9  0x10e  Code  Gb  asin.o [4]
atan2                   0x080059dd   0xd0  Code  Gb  atan2.o [4]
ax_pre                  0x20000510    0x4  Data  Gb  main.o [1]
car_angle_set           0x200002fc    0x4  Data  Gb  control.o [1]
connected               0x200004f8    0x4  Data  Gb  sample_service.o [1]
connection_handle       0x200004e8    0x2  Data  Gb  sample_service.o [1]
cuowu                   0x20000dec    0x4  Data  Gb  com.o [1]
dt                      0x20000484    0x4  Data  Lc  LSM9DS0_AHRS.o [1]
encoderConfig           0x20000d20   0x24  Data  Gb  main.o [1]
end_read_rx_char_handle
                        0x200004dd    0x1  Data  Gb  sample_service.o [1]
end_read_tx_char_handle
                        0x200004dc    0x1  Data  Gb  sample_service.o [1]
exit                    0x0800809f    0x4  Code  Gb  exit.o [3]
fangzhen                0x20000df0    0x1  Data  Gb  main.o [1]
g_fAngleControlD        0x20000320    0x4  Data  Gb  control.o [1]
g_fAngleControlI        0x20000318    0x4  Data  Gb  control.o [1]
g_fAngleControlOut      0x20000308    0x4  Data  Gb  control.o [1]
g_fAngleControlP        0x20000314    0x4  Data  Gb  control.o [1]
g_fAngleI               0x2000031c    0x4  Data  Gb  control.o [1]
g_fAngleSpeed           0x20000304    0x4  Data  Gb  control.o [1]
g_fCarAngle             0x20000300    0x4  Data  Gb  control.o [1]
g_fSpeedControlI        0x20000328    0x4  Data  Gb  control.o [1]
g_fSpeedControlIntegral
                        0x2000032c    0x4  Data  Gb  control.o [1]
g_fSpeedControlOut      0x2000030c    0x4  Data  Gb  control.o [1]
g_fSpeedControlOutNew   0x2000033c    0x4  Data  Gb  control.o [1]
g_fSpeedControlOutValue
                        0x20000340    0x4  Data  Gb  control.o [1]
g_fSpeedControlP        0x20000324    0x4  Data  Gb  control.o [1]
g_fSpeed_ControlOutOld  0x20000338    0x4  Data  Gb  control.o [1]
g_fSpeed_ControlPeriod  0x20000334    0x4  Data  Gb  control.o [1]
hciReadPacketBuffer     0x200005b0  0x2bc  Data  Lc  hci.o [1]
hciReadPktPool          0x200005a0    0x8  Data  Gb  hci.o [1]
hciReadPktRxQueue       0x200005a8    0x8  Data  Gb  hci.o [1]
hci_le_set_scan_resp_data
                        0x08002161   0x36  Code  Gb  hci.o [1]
hci_send_cmd            0x08001f97   0x38  Code  Gb  hci.o [1]
hci_send_req            0x08001ff3  0x144  Code  Gb  hci.o [1]
hci_write               0x08001f93    0x4  Code  Gb  hci.o [1]
hdma_rx                 0x20000d98   0x50  Data  Gb  com.o [1]
imu_6axes_sensor_type   0x20000579    0x1  Data  Lc  x_nucleo_iks01a1_imu_6axes.o [1]
integralFBx             0x2000049c    0x4  Data  Gb  LSM9DS0_AHRS.o [1]
integralFBy             0x200004a0    0x4  Data  Gb  LSM9DS0_AHRS.o [1]
integralFBz             0x200004a4    0x4  Data  Gb  LSM9DS0_AHRS.o [1]
invSqrt                 0x08004627   0x2e  Code  Gb  LSM9DS0_AHRS.o [1]
list_init_head          0x080051ef    0x6  Code  Gb  list.o [1]
list_insert_head        0x08005203    0xe  Code  Gb  list.o [1]
list_insert_tail        0x08005211    0xe  Code  Gb  list.o [1]
list_is_empty           0x080051f5    0xe  Code  Gb  list.o [1]
list_remove_head        0x0800522d    0xc  Code  Gb  list.o [1]
list_remove_node        0x0800521f    0xe  Code  Gb  list.o [1]
main                    0x08001191  0x60a  Code  Gb  main.o [1]
move_list               0x08001fcf   0x24  Code  Lc  hci.o [1]
notification_enabled    0x200004d9    0x1  Data  Gb  sample_service.o [1]
pitch                   0x20000488    0x4  Data  Gb  LSM9DS0_AHRS.o [1]
pre_g_fCarAngle         0x20000310    0x4  Data  Gb  control.o [1]
pre_yaw                 0x20000bd8    0x4  Data  Gb  main.o [1]
pressure_sensor_type    0x20000581    0x1  Data  Lc  x_nucleo_iks01a1_pressure.o [1]
pwmConfig               0x20000e30   0x1c  Data  Gb  main.o [1]
q                       0x20000474   0x10  Data  Lc  LSM9DS0_AHRS.o [1]
readPacketListFull      0x2000059c    0x1  Data  Lc  hci.o [1]
receiveData             0x08001cdb   0x16  Code  Gb  sample_service.o [1]
roll                    0x20000490    0x4  Data  Gb  LSM9DS0_AHRS.o [1]
rx_handle               0x200004ec    0x2  Data  Gb  sample_service.o [1]
sampleServHandle        0x200004f0    0x2  Data  Gb  sample_service.o [1]
set_connectable         0x200004d8    0x1  Data  Gb  sample_service.o [1]
sqrt                    0x08005b01         Code  Gb  sqrt.o [4]
sqrtl                   0x08005b01         Code  Gb  sqrt.o [4]
start_read_rx_char_handle
                        0x200004db    0x1  Data  Gb  sample_service.o [1]
start_read_tx_char_handle
                        0x200004da    0x1  Data  Gb  sample_service.o [1]
twoKi                   0x20000498    0x4  Data  Gb  LSM9DS0_AHRS.o [1]
twoKp                   0x20000494    0x4  Data  Gb  LSM9DS0_AHRS.o [1]
tx_handle               0x200004ea    0x2  Data  Gb  sample_service.o [1]
uwDutyCycle             0x20001048    0x4  Data  Gb  main.o [1]
uwFrequency             0x2000104c    0x4  Data  Gb  main.o [1]
uwIC2Value              0x20001044    0x4  Data  Gb  main.o [1]
uwTick                  0x2000106c    0x4  Data  Lc  stm32f4xx_hal.o [1]
yaw                     0x2000048c    0x4  Data  Gb  LSM9DS0_AHRS.o [1]
yaw_Temp                0x20000b8c    0x4  Data  Gb  main.o [1]
zhengque                0x20000de8    0x4  Data  Gb  com.o [1]


[1] = C:\Users\acer\Desktop\STM32Cube_FW_F4_V1.6.0\Projects\STM32F411RE-Nucleo\Examples\TIM\TIM_PWMInput\EWARM\STM32F4xx-Nucleo\Obj
[2] = command line
[3] = dl7M_tlf.a
[4] = m7M_tls.a
[5] = rt7M_tl.a
[6] = shb_l.a

  33 142 bytes of readonly  code memory
     529 bytes of readonly  data memory
   5 232 bytes of readwrite data memory

Errors: none
Warnings: none
